
> sistema-dashboard@0.0.0 build
> tsc -b && vite build

src/contexts/AuthContext.tsx(72,49): error TS2345: Argument of type 'Record<string, any>' is not assignable to parameter of type 'never'.
